MPLINK 5.09, LINKER
Linker Map File - Created Thu Oct 12 02:39:25 2023

                                 Section Info
                  Section       Type    Address   Location Size(Bytes)
                ---------  ---------  ---------  ---------  ---------
                   .org_0       code   0x000000    program   0x00005a
                   .cinit    romdata   0x00005a    program   0x000002
.config_300001_BUILD/DEFAULT/DEBUG/LAB4_3.O    romdata   0x300001    program   0x000001
.config_300003_BUILD/DEFAULT/DEBUG/LAB4_3.O    romdata   0x300003    program   0x000001



                              Program Memory Usage 
                               Start         End      
                           ---------   ---------      
                            0x000000    0x00005b      
                            0x300001    0x300001      
                            0x300003    0x300003      
            94 out of 33048 program addresses used, program memory utilization is 0%



                              Symbols - Sorted by Name
                     Name    Address   Location    Storage File                     
                ---------  ---------  ---------  --------- ---------                
                     Fact   0x000014    program     static C:\Users\KuanYi\MPLABXProjects\Lab4.X\Lab4_3.asm
                   finish   0x00005a    program     static C:\Users\KuanYi\MPLABXProjects\Lab4.X\Lab4_3.asm
                  initial   0x000000    program     static C:\Users\KuanYi\MPLABXProjects\Lab4.X\Lab4_3.asm
                  is_zero   0x000046    program     static C:\Users\KuanYi\MPLABXProjects\Lab4.X\Lab4_3.asm
                recursive   0x000030    program     static C:\Users\KuanYi\MPLABXProjects\Lab4.X\Lab4_3.asm
                restore_k   0x000040    program     static C:\Users\KuanYi\MPLABXProjects\Lab4.X\Lab4_3.asm
              return_back   0x000026    program     static C:\Users\KuanYi\MPLABXProjects\Lab4.X\Lab4_3.asm



                              Symbols - Sorted by Address
                     Name    Address   Location    Storage File                     
                ---------  ---------  ---------  --------- ---------                
                  initial   0x000000    program     static C:\Users\KuanYi\MPLABXProjects\Lab4.X\Lab4_3.asm
                     Fact   0x000014    program     static C:\Users\KuanYi\MPLABXProjects\Lab4.X\Lab4_3.asm
              return_back   0x000026    program     static C:\Users\KuanYi\MPLABXProjects\Lab4.X\Lab4_3.asm
                recursive   0x000030    program     static C:\Users\KuanYi\MPLABXProjects\Lab4.X\Lab4_3.asm
                restore_k   0x000040    program     static C:\Users\KuanYi\MPLABXProjects\Lab4.X\Lab4_3.asm
                  is_zero   0x000046    program     static C:\Users\KuanYi\MPLABXProjects\Lab4.X\Lab4_3.asm
                   finish   0x00005a    program     static C:\Users\KuanYi\MPLABXProjects\Lab4.X\Lab4_3.asm


