MPLINK 5.09, LINKER
Linker Map File - Created Wed Nov 22 19:37:21 2023

                                 Section Info
                  Section       Type    Address   Location Size(Bytes)
                ---------  ---------  ---------  ---------  ---------
                   .org_0       code   0x000000    program   0x0000ee
                   .cinit    romdata   0x0000ee    program   0x000002
                    dbgP0       code   0x007dc0    program   0x000240
.config_300001_BUILD/DEFAULT/DEBUG/LAB6_3_V2.O    romdata   0x300001    program   0x000001
.config_300003_BUILD/DEFAULT/DEBUG/LAB6_3_V2.O    romdata   0x300003    program   0x000001
.config_300006_BUILD/DEFAULT/DEBUG/LAB6_3_V2.O    romdata   0x300006    program   0x000001
                    dbgD0      udata   0x0005f4       data   0x00000c



                              Program Memory Usage 
                               Start         End      
                           ---------   ---------      
                            0x000000    0x0000ef      
                            0x007dc0    0x007fff      
                            0x300001    0x300001      
                            0x300003    0x300003      
                            0x300006    0x300006      
            819 out of 33048 program addresses used, program memory utilization is 2%



                              Symbols - Sorted by Name
                     Name    Address   Location    Storage File                     
                ---------  ---------  ---------  --------- ---------                
                  _1LOOP1   0x000030    program     static C:\Users\KuanYi\MPLABXProjects\Lab_6.X\Lab6_3_v2.asm
                  _1LOOP2   0x00002c    program     static C:\Users\KuanYi\MPLABXProjects\Lab_6.X\Lab6_3_v2.asm
                  _3LOOP1   0x00007c    program     static C:\Users\KuanYi\MPLABXProjects\Lab_6.X\Lab6_3_v2.asm
                  _3LOOP2   0x000078    program     static C:\Users\KuanYi\MPLABXProjects\Lab_6.X\Lab6_3_v2.asm
                  _5LOOP1   0x0000c8    program     static C:\Users\KuanYi\MPLABXProjects\Lab_6.X\Lab6_3_v2.asm
                  _5LOOP2   0x0000c4    program     static C:\Users\KuanYi\MPLABXProjects\Lab_6.X\Lab6_3_v2.asm
            check_process   0x000014    program     static C:\Users\KuanYi\MPLABXProjects\Lab_6.X\Lab6_3_v2.asm
          delay_routine_1   0x000074    program     static C:\Users\KuanYi\MPLABXProjects\Lab_6.X\Lab6_3_v2.asm
          delay_routine_2   0x0000c0    program     static C:\Users\KuanYi\MPLABXProjects\Lab_6.X\Lab6_3_v2.asm
                end_check   0x000024    program     static C:\Users\KuanYi\MPLABXProjects\Lab_6.X\Lab6_3_v2.asm
                     init   0x000000    program     static C:\Users\KuanYi\MPLABXProjects\Lab_6.X\Lab6_3_v2.asm
                    start   0x000000    program     static C:\Users\KuanYi\MPLABXProjects\Lab_6.X\Lab6_3_v2.asm
                   state0   0x000026    program     static C:\Users\KuanYi\MPLABXProjects\Lab_6.X\Lab6_3_v2.asm
                   state1   0x000064    program     static C:\Users\KuanYi\MPLABXProjects\Lab_6.X\Lab6_3_v2.asm
              state1_init   0x000056    program     static C:\Users\KuanYi\MPLABXProjects\Lab_6.X\Lab6_3_v2.asm
                   state2   0x0000b0    program     static C:\Users\KuanYi\MPLABXProjects\Lab_6.X\Lab6_3_v2.asm
              state2_init   0x0000a2    program     static C:\Users\KuanYi\MPLABXProjects\Lab_6.X\Lab6_3_v2.asm



                              Symbols - Sorted by Address
                     Name    Address   Location    Storage File                     
                ---------  ---------  ---------  --------- ---------                
                     init   0x000000    program     static C:\Users\KuanYi\MPLABXProjects\Lab_6.X\Lab6_3_v2.asm
                    start   0x000000    program     static C:\Users\KuanYi\MPLABXProjects\Lab_6.X\Lab6_3_v2.asm
            check_process   0x000014    program     static C:\Users\KuanYi\MPLABXProjects\Lab_6.X\Lab6_3_v2.asm
                end_check   0x000024    program     static C:\Users\KuanYi\MPLABXProjects\Lab_6.X\Lab6_3_v2.asm
                   state0   0x000026    program     static C:\Users\KuanYi\MPLABXProjects\Lab_6.X\Lab6_3_v2.asm
                  _1LOOP2   0x00002c    program     static C:\Users\KuanYi\MPLABXProjects\Lab_6.X\Lab6_3_v2.asm
                  _1LOOP1   0x000030    program     static C:\Users\KuanYi\MPLABXProjects\Lab_6.X\Lab6_3_v2.asm
              state1_init   0x000056    program     static C:\Users\KuanYi\MPLABXProjects\Lab_6.X\Lab6_3_v2.asm
                   state1   0x000064    program     static C:\Users\KuanYi\MPLABXProjects\Lab_6.X\Lab6_3_v2.asm
          delay_routine_1   0x000074    program     static C:\Users\KuanYi\MPLABXProjects\Lab_6.X\Lab6_3_v2.asm
                  _3LOOP2   0x000078    program     static C:\Users\KuanYi\MPLABXProjects\Lab_6.X\Lab6_3_v2.asm
                  _3LOOP1   0x00007c    program     static C:\Users\KuanYi\MPLABXProjects\Lab_6.X\Lab6_3_v2.asm
              state2_init   0x0000a2    program     static C:\Users\KuanYi\MPLABXProjects\Lab_6.X\Lab6_3_v2.asm
                   state2   0x0000b0    program     static C:\Users\KuanYi\MPLABXProjects\Lab_6.X\Lab6_3_v2.asm
          delay_routine_2   0x0000c0    program     static C:\Users\KuanYi\MPLABXProjects\Lab_6.X\Lab6_3_v2.asm
                  _5LOOP2   0x0000c4    program     static C:\Users\KuanYi\MPLABXProjects\Lab_6.X\Lab6_3_v2.asm
                  _5LOOP1   0x0000c8    program     static C:\Users\KuanYi\MPLABXProjects\Lab_6.X\Lab6_3_v2.asm


