MPLINK 5.09, LINKER
Linker Map File - Created Thu Nov 23 02:05:31 2023

                                 Section Info
                  Section       Type    Address   Location Size(Bytes)
                ---------  ---------  ---------  ---------  ---------
                   .org_0       code   0x000000    program   0x000004
                   .cinit    romdata   0x000004    program   0x000002
                   .org_1       code   0x000008    program   0x00006a
                    dbgP0       code   0x007dc0    program   0x000240
.config_300001_BUILD/DEFAULT/DEBUG/LAB7_3.O    romdata   0x300001    program   0x000001
.config_300002_BUILD/DEFAULT/DEBUG/LAB7_3.O    romdata   0x300002    program   0x000001
.config_300003_BUILD/DEFAULT/DEBUG/LAB7_3.O    romdata   0x300003    program   0x000001
.config_300005_BUILD/DEFAULT/DEBUG/LAB7_3.O    romdata   0x300005    program   0x000001
.config_300006_BUILD/DEFAULT/DEBUG/LAB7_3.O    romdata   0x300006    program   0x000001
.config_300008_BUILD/DEFAULT/DEBUG/LAB7_3.O    romdata   0x300008    program   0x000001
.config_300009_BUILD/DEFAULT/DEBUG/LAB7_3.O    romdata   0x300009    program   0x000001
.config_30000A_BUILD/DEFAULT/DEBUG/LAB7_3.O    romdata   0x30000a    program   0x000001
.config_30000B_BUILD/DEFAULT/DEBUG/LAB7_3.O    romdata   0x30000b    program   0x000001
.config_30000C_BUILD/DEFAULT/DEBUG/LAB7_3.O    romdata   0x30000c    program   0x000001
.config_30000D_BUILD/DEFAULT/DEBUG/LAB7_3.O    romdata   0x30000d    program   0x000001
                    dbgD0      udata   0x0005f4       data   0x00000c



                              Program Memory Usage 
                               Start         End      
                           ---------   ---------      
                            0x000000    0x000005      
                            0x000008    0x000071      
                            0x007dc0    0x007fff      
                            0x300001    0x300003      
                            0x300005    0x300006      
                            0x300008    0x30000d      
            699 out of 33048 program addresses used, program memory utilization is 2%



                              Symbols - Sorted by Name
                     Name    Address   Location    Storage File                     
                ---------  ---------  ---------  --------- ---------                
                      ISR   0x000004    program     static C:\Users\KuanYi\MPLABXProjects\Lab7.X\Lab7_3.asm
                  Initial   0x000048    program     static C:\Users\KuanYi\MPLABXProjects\Lab7.X\Lab7_3.asm
               double_sec   0x000022    program     static C:\Users\KuanYi\MPLABXProjects\Lab7.X\Lab7_3.asm
                  end_isr   0x000046    program     static C:\Users\KuanYi\MPLABXProjects\Lab7.X\Lab7_3.asm
            judge_up_down   0x00002a    program     static C:\Users\KuanYi\MPLABXProjects\Lab7.X\Lab7_3.asm
                     main   0x000070    program     static C:\Users\KuanYi\MPLABXProjects\Lab7.X\Lab7_3.asm
       mirror_the_counter   0x000032    program     static C:\Users\KuanYi\MPLABXProjects\Lab7.X\Lab7_3.asm
         turn_to_sec_0.25   0x00001a    program     static C:\Users\KuanYi\MPLABXProjects\Lab7.X\Lab7_3.asm



                              Symbols - Sorted by Address
                     Name    Address   Location    Storage File                     
                ---------  ---------  ---------  --------- ---------                
                      ISR   0x000004    program     static C:\Users\KuanYi\MPLABXProjects\Lab7.X\Lab7_3.asm
         turn_to_sec_0.25   0x00001a    program     static C:\Users\KuanYi\MPLABXProjects\Lab7.X\Lab7_3.asm
               double_sec   0x000022    program     static C:\Users\KuanYi\MPLABXProjects\Lab7.X\Lab7_3.asm
            judge_up_down   0x00002a    program     static C:\Users\KuanYi\MPLABXProjects\Lab7.X\Lab7_3.asm
       mirror_the_counter   0x000032    program     static C:\Users\KuanYi\MPLABXProjects\Lab7.X\Lab7_3.asm
                  end_isr   0x000046    program     static C:\Users\KuanYi\MPLABXProjects\Lab7.X\Lab7_3.asm
                  Initial   0x000048    program     static C:\Users\KuanYi\MPLABXProjects\Lab7.X\Lab7_3.asm
                     main   0x000070    program     static C:\Users\KuanYi\MPLABXProjects\Lab7.X\Lab7_3.asm


