MPLINK 5.09, LINKER
Linker Map File - Created Thu Sep 21 03:17:04 2023

                                 Section Info
                  Section       Type    Address   Location Size(Bytes)
                ---------  ---------  ---------  ---------  ---------
                   .org_0       code   0x000000    program   0x0000b6
                   .cinit    romdata   0x0000b6    program   0x000002
.config_300001_BUILD/DEFAULT/DEBUG/LAB_3.O    romdata   0x300001    program   0x000001
.config_300003_BUILD/DEFAULT/DEBUG/LAB_3.O    romdata   0x300003    program   0x000001



                              Program Memory Usage 
                               Start         End      
                           ---------   ---------      
                            0x000000    0x0000b7      
                            0x300001    0x300001      
                            0x300003    0x300003      
            186 out of 33048 program addresses used, program memory utilization is 0%



                              Symbols - Sorted by Name
                     Name    Address   Location    Storage File                     
                ---------  ---------  ---------  --------- ---------                
                 end_for1   0x000060    program     static C:\Users\KuanYi\MPLABXProjects\Lab2.X\Lab_3.asm
                 end_for2   0x000098    program     static C:\Users\KuanYi\MPLABXProjects\Lab2.X\Lab_3.asm
                  end_if1   0x000052    program     static C:\Users\KuanYi\MPLABXProjects\Lab2.X\Lab_3.asm
                  end_if2   0x00008a    program     static C:\Users\KuanYi\MPLABXProjects\Lab2.X\Lab_3.asm
                end_while   0x00009e    program     static C:\Users\KuanYi\MPLABXProjects\Lab2.X\Lab_3.asm
               for_label1   0x00002e    program     static C:\Users\KuanYi\MPLABXProjects\Lab2.X\Lab_3.asm
               for_label2   0x000066    program     static C:\Users\KuanYi\MPLABXProjects\Lab2.X\Lab_3.asm
                 if_true1   0x000044    program     static C:\Users\KuanYi\MPLABXProjects\Lab2.X\Lab_3.asm
                 if_true2   0x00007c    program     static C:\Users\KuanYi\MPLABXProjects\Lab2.X\Lab_3.asm
               initialize   0x000000    program     static C:\Users\KuanYi\MPLABXProjects\Lab2.X\Lab_3.asm
              while_label   0x000022    program     static C:\Users\KuanYi\MPLABXProjects\Lab2.X\Lab_3.asm



                              Symbols - Sorted by Address
                     Name    Address   Location    Storage File                     
                ---------  ---------  ---------  --------- ---------                
               initialize   0x000000    program     static C:\Users\KuanYi\MPLABXProjects\Lab2.X\Lab_3.asm
              while_label   0x000022    program     static C:\Users\KuanYi\MPLABXProjects\Lab2.X\Lab_3.asm
               for_label1   0x00002e    program     static C:\Users\KuanYi\MPLABXProjects\Lab2.X\Lab_3.asm
                 if_true1   0x000044    program     static C:\Users\KuanYi\MPLABXProjects\Lab2.X\Lab_3.asm
                  end_if1   0x000052    program     static C:\Users\KuanYi\MPLABXProjects\Lab2.X\Lab_3.asm
                 end_for1   0x000060    program     static C:\Users\KuanYi\MPLABXProjects\Lab2.X\Lab_3.asm
               for_label2   0x000066    program     static C:\Users\KuanYi\MPLABXProjects\Lab2.X\Lab_3.asm
                 if_true2   0x00007c    program     static C:\Users\KuanYi\MPLABXProjects\Lab2.X\Lab_3.asm
                  end_if2   0x00008a    program     static C:\Users\KuanYi\MPLABXProjects\Lab2.X\Lab_3.asm
                 end_for2   0x000098    program     static C:\Users\KuanYi\MPLABXProjects\Lab2.X\Lab_3.asm
                end_while   0x00009e    program     static C:\Users\KuanYi\MPLABXProjects\Lab2.X\Lab_3.asm


