MPLINK 5.09, LINKER
Linker Map File - Created Thu Nov 09 21:38:34 2023

                                 Section Info
                  Section       Type    Address   Location Size(Bytes)
                ---------  ---------  ---------  ---------  ---------
                   .org_0       code   0x000000    program   0x00005a
                   .cinit    romdata   0x00005a    program   0x000002
.config_300001_BUILD/DEFAULT/DEBUG/3_A.O    romdata   0x300001    program   0x000001
.config_300003_BUILD/DEFAULT/DEBUG/3_A.O    romdata   0x300003    program   0x000001



                              Program Memory Usage 
                               Start         End      
                           ---------   ---------      
                            0x000000    0x00005b      
                            0x300001    0x300001      
                            0x300003    0x300003      
            94 out of 33048 program addresses used, program memory utilization is 0%



                              Symbols - Sorted by Name
                     Name    Address   Location    Storage File                     
                ---------  ---------  ---------  --------- ---------                
                     add1   0x00001e    program     static C:\Users\KuanYi\MPLABXProjects\Midterm_2023.X\3_a.asm
                   finish   0x000058    program     static C:\Users\KuanYi\MPLABXProjects\Midterm_2023.X\3_a.asm
                     subb   0x000018    program     static C:\Users\KuanYi\MPLABXProjects\Midterm_2023.X\3_a.asm



                              Symbols - Sorted by Address
                     Name    Address   Location    Storage File                     
                ---------  ---------  ---------  --------- ---------                
                     subb   0x000018    program     static C:\Users\KuanYi\MPLABXProjects\Midterm_2023.X\3_a.asm
                     add1   0x00001e    program     static C:\Users\KuanYi\MPLABXProjects\Midterm_2023.X\3_a.asm
                   finish   0x000058    program     static C:\Users\KuanYi\MPLABXProjects\Midterm_2023.X\3_a.asm


