Microchip MPLAB XC8 Compiler V2.45

Linker command line:

-W-3 \
  --edf=C:\Program Files\Microchip\xc8\v2.45\pic\dat\20230818022343_en.msgs \
  -cn -h+dist/default/debug\Buzzer.X.debug.sym \
  --cmf=dist/default/debug\Buzzer.X.debug.cmf -z -Q18F4520 \
  -oC:\Users\KuanYi\AppData\Local\Temp\xcAshig.\driver_tmp_3.o \
  --defsym=__MPLAB_BUILD=1 --fixupoverflow=error \
  -Mdist/default/debug/Buzzer.X.debug.map \
  --md=C:\Users\KuanYi\AppData\Local\Temp\xcAshig.\driver_tmp_0.dat -E1 \
  -ver=XC8 Compiler --acfsm=1493 -ACODE=00h-07DBFh -ACONST=00h-07DBFh \
  -ASMALLCONST=0600h-06FFhx119,07D00h-07DBFh -AMEDIUMCONST=0600h-07DBFh \
  -ACOMRAM=01h-07Fh -AABS1=00h-05F3h -ABIGRAM=01h-05F3h \
  -ARAM=080h-0FFh,0100h-01FFhx4,0500h-05F3h -ABANK0=080h-0FFh \
  -ABANK1=0100h-01FFh -ABANK2=0200h-02FFh -ABANK3=0300h-03FFh \
  -ABANK4=0400h-04FFh -ABANK5=0500h-05F3h \
  -ASFR=0F80h-0F9Bh,0F9Dh-0FD3h,0FD5h-0FDAh,0FE0h-0FE2h,0FE8h-0FEAh,0FF0h-0FFCh \
  -ABIGSFR=0F80h-0F9Bh,0F9Dh-0FD3h,0FD5h-0FDAh,0FE0h-0FE2h,0FE8h-0FEAh,0FF0h-0FFCh \
  -ACONFIG=0300000h-030000Dh -AIDLOC=0200000h-0200007h \
  -AEEDATA=0F00000h-0F000FFh -peeprom_data=EEDATA \
  -preset_vec=00h,intcode=08h,intcodelo=018h,powerup,init -pramtop=0600h \
  -psmallconst=SMALLCONST -pmediumconst=MEDIUMCONST -pconst=CONST \
  -AFARRAM=00h-00h \
  -prdata=COMRAM,nvrram=COMRAM,nvbit=COMRAM,rbss=COMRAM,rbit=COMRAM \
  -pfarbss=FARRAM,fardata=FARRAM,nvFARRAM=FARRAM \
  -pintsave_regs=BIGRAM,bigbss=BIGRAM,bigdata=BIGRAM -pbss=RAM \
  -pidata=CODE,irdata=CODE,ibigdata=CODE,ifardata=CODE -prparam=COMRAM \
  C:\Users\KuanYi\AppData\Local\Temp\xcAshig.\driver_tmp_9.o \
  dist/default/debug\Buzzer.X.debug.o 

Object code version is 3.11

Machine type is 18F4520



                Name                               Link     Load   Length Selector   Space Scale
C:\Users\KuanYi\AppData\Local\Temp\xcAshig.\driver_tmp_9.o
                idloc                            200000   200000        8        0       5
                config                           300000   300000        E        0       4
                init                                 6C       6C        4        C       0
                reset_vec                             0        0        4        0       0
dist/default/debug\Buzzer.X.debug.o
                intcodelo                            18       18       54        C       0
                intcode                               8        8        6        4       0
                idloc                            200000   200000        8        0       5
                config                           300000   300000        E        0       4
                temp                                 6B       6B        1        1       1
                smallconst                          600      600        2      300       0
                intcode_body                        E80      E80        6      301       0
                text13                              D9C      D9C       3A      301       0
                text12                              BAA      BAA       B0      301       0
                text11                              D26      D26       3C      301       0
                text9                               E86      E86        4      301       0
                text8                               CEA      CEA       3C      301       0
                text7                               8FC      8FC      2AE      301       0
                text6                               E78      E78        8      301       0
                text5                               E70      E70        8      301       0
                text4                               E4E      E4E       22      301       0
                text3                               E2A      E2A       24      301       0
                text2                               602      602      2FA      301       0
                text1                               E00      E00       2A      301       0
                text0                               C5A      C5A       90      301       0
                cstackCOMRAM                         59       59       10        1       1
                dataCOMRAM                           2F       2F       2A        1       1
                bssCOMRAM                             1        1       2E        1       1
                cinit                               D62      D62       3A      301       0
                nvCOMRAM                             69       69        2        1       1
                idataCOMRAM                         DD6      DD6       2A      301       0

TOTAL           Name                               Link     Load   Length     Space
        CLASS   CODE           
                intcodelo                            18       18       54         0
                intcode                               8        8        6         0
                init                                 6C       6C        4         0
                reset_vec                             0        0        4         0
                intcode_body                        E80      E80        6         0
                text13                              D9C      D9C       3A         0
                text12                              BAA      BAA       B0         0
                text11                              D26      D26       3C         0
                text9                               E86      E86        4         0
                text8                               CEA      CEA       3C         0
                text7                               8FC      8FC      2AE         0
                text6                               E78      E78        8         0
                text5                               E70      E70        8         0
                text4                               E4E      E4E       22         0
                text3                               E2A      E2A       24         0
                text2                               602      602      2FA         0
                text1                               E00      E00       2A         0
                text0                               C5A      C5A       90         0
                cinit                               D62      D62       3A         0
                idataCOMRAM                         DD6      DD6       2A         0

        CLASS   CONST          

        CLASS   SMALLCONST     
                smallconst                          600      600        2         0

        CLASS   MEDIUMCONST    

        CLASS   COMRAM         
                temp                                 6B       6B        1         1
                cstackCOMRAM                         59       59       10         1
                dataCOMRAM                           2F       2F       2A         1
                bssCOMRAM                             1        1       2E         1
                nvCOMRAM                             69       69        2         1

        CLASS   ABS1           

        CLASS   BIGRAM         

        CLASS   RAM            

        CLASS   BANK0          

        CLASS   BANK1          

        CLASS   BANK2          

        CLASS   BANK3          

        CLASS   BANK4          

        CLASS   BANK5          

        CLASS   SFR            

        CLASS   BIGSFR         

        CLASS   CONFIG         
                config                           300000   300000        E         4

        CLASS   IDLOC          
                idloc                            200000   200000        8         5

        CLASS   EEDATA         

        CLASS   FARRAM         

        CLASS   HEAP           

        CLASS   STACK          



SEGMENTS        Name                           Load    Length   Top    Selector   Space  Class

                reset_vec                      000000  000004  000004         0       0  CODE    
                bssCOMRAM                      000001  00006B  00006C         1       1  COMRAM  
                intcode                        000008  000006  00000E         4       0  CODE    
                intcodelo                      000018  000058  000070         C       0  CODE    
                smallconst                     000600  000002  000602       300       0  SMALLCON
                text2                          000602  000888  000E8A       301       0  CODE    


UNUSED ADDRESS RANGES

        Name                Unused          Largest block    Delta
        BANK0            000080-0000FF               80
        BANK1            000100-0001FF              100
        BANK2            000200-0002FF              100
        BANK3            000300-0003FF              100
        BANK4            000400-0004FF              100
        BANK5            000500-0005F3               F4
        BIGRAM           00006C-0005F3              588
        BIGSFR           000F80-000F9B               1C
                         000F9D-000FD3               37
                         000FD5-000FDA                6
                         000FE0-000FE2                3
                         000FE8-000FEA                3
                         000FF0-000FFC                D
        CODE             000004-000007                4
                         00000E-000017                A
                         000070-0005FF              590
                         000E8A-007DBF             6F36
        COMRAM           00006C-00007F               14
        CONST            000004-000007                4
                         00000E-000017                A
                         000070-0005FF              590
                         000E8A-007DBF             6F36
        EEDATA           F00000-F000FF              100
        MEDIUMCONST      000E8A-007DBF             6F36
        RAM              000080-0005F3              100
        SFR              000F80-000F9B               1C
                         000F9D-000FD3               37
                         000FD5-000FDA                6
                         000FE0-000FE2                3
                         000FE8-000FEA                3
                         000FF0-000FFC                D
        SMALLCONST       000E8A-007DBF              100

                                  Symbol Table

?_ValidTone                    cstackCOMRAM 000064
?___awmod                      cstackCOMRAM 000059
ClearBuffer@i                  cstackCOMRAM 000064
UART_Write@data                cstackCOMRAM 000059
ValidTone@tone                 cstackCOMRAM 000066
_ADCON0bits                    (abs)        000FC2
_ADCON1                        (abs)        000FC1
_ADCON2bits                    (abs)        000FC0
_ADFM                          (abs)        007E07
_ADRESH                        (abs)        000FC4
_ADRESL                        (abs)        000FC3
_BAUDCONbits                   (abs)        000FB8
_CCP1CON                       (abs)        000FBD
_CCP1_H                        nvCOMRAM     00006A
_CCP1_L                        nvCOMRAM     000069
_CCPR1H                        (abs)        000FBF
_CCPR1L                        (abs)        000FBE
_CREN                          (abs)        007D5C
_ClearBuffer                   text8        000CEA
_GetString                     text9        000E86
_Hi_ISR                        intcode      000008
_INTCONbits                    (abs)        000FF2
_INTERRUPT_Initialize          text6        000E78
_IPR1bits                      (abs)        000F9F
_IRCF0                         (abs)        007E9C
_IRCF1                         (abs)        007E9D
_IRCF2                         (abs)        007E9E
_LATA                          (abs)        000F89
_Lo_ISR                        intcodelo    000018
_MatchTone                     text7        0008FC
_MyusartRead                   text11       000D26
_OSCILLATOR_Initialize         text5        000E70
_PIE1bits                      (abs)        000F9D
_PIR1bits                      (abs)        000F9E
_RCIF                          (abs)        007CF5
_RCONbits                      (abs)        000FD0
_RCREG                         (abs)        000FAE
_RCSTAbits                     (abs)        000FAB
_SPBRG                         (abs)        000FAF
_SYSTEM_Initialize             text3        000E2A
_T3CON                         (abs)        000FB1
_T3CONbits                     (abs)        000FB1
_TMR3H                         (abs)        000FB3
_TMR3L                         (abs)        000FB2
_TRISA                         (abs)        000F92
_TRISCbits                     (abs)        000F94
_TXREG                         (abs)        000FAD
_TXSTAbits                     (abs)        000FAC
_UART_Initialize               text4        000E4E
_UART_Write                    text13       000D9C
_ValidTone                     text2        000602
__HRAM                         (abs)        000000
__H__absolute__                __absolute__ 000000
__Habs1                        abs1         000000
__Hbank0                       bank0        000000
__Hbank1                       bank1        000000
__Hbank2                       bank2        000000
__Hbank3                       bank3        000000
__Hbank4                       bank4        000000
__Hbank5                       bank5        000000
__Hbigbss                      bigbss       000000
__Hbigdata                     bigdata      000000
__Hbigram                      bigram       000000
__Hbigsfr                      bigsfr       000000
__Hbss                         bss          000000
__HbssCOMRAM                   bssCOMRAM    000000
__Hcinit                       cinit        000000
__Hclrtext                     clrtext      000000
__Hcomram                      comram       000000
__Hconfig                      config       30000E
__Hconst                       const        000000
__HcstackCOMRAM                cstackCOMRAM 000000
__Hdata                        data         000000
__HdataCOMRAM                  dataCOMRAM   000000
__Heeprom_data                 eeprom_data  000000
__Hfarbss                      farbss       000000
__Hfardata                     fardata      000000
__Hheap                        heap         000000
__Hibigdata                    ibigdata     000000
__Hidata                       idata        000000
__HidataCOMRAM                 idataCOMRAM  000000
__Hidloc                       idloc        200008
__Hifardata                    ifardata     000000
__Hinit                        init         000070
__Hintcode                     intcode      00000E
__Hintcode_body                intcode_body 000000
__Hintcodelo                   intcodelo    00006C
__Hintentry                    intentry     000000
__Hintret                      intret       000000
__Hintsave_regs                intsave_regs 000000
__Hirdata                      irdata       000000
__Hmediumconst                 mediumconst  000000
__HnvCOMRAM                    nvCOMRAM     000000
__HnvFARRAM                    nvFARRAM     000000
__Hnvbit                       nvbit        000000
__Hnvrram                      nvrram       000000
__Hparam                       rparam       000000
__Hpowerup                     powerup      00006C
__Hram                         ram          000000
__Hramtop                      ramtop       000600
__Hrbit                        rbit         000000
__Hrbss                        rbss         000000
__Hrdata                       rdata        000000
__Hreset_vec                   reset_vec    000004
__Hrparam                      rparam       000000
__Hsfr                         sfr          000000
__Hsmallconst                  smallconst   000602
__Hspace_0                     (abs)        000E8A
__Hspace_1                     (abs)        00006C
__Hspace_2                     (abs)        000000
__Hspace_4                     (abs)        60000E
__Hstack                       stack        000000
__Hstruct                      struct       000000
__Htemp                        temp         00006C
__Htext                        text         000000
__Htext0                       text0        000000
__Htext1                       text1        000000
__Htext11                      text11       000000
__Htext12                      text12       000000
__Htext13                      text13       000000
__Htext2                       text2        000000
__Htext3                       text3        000000
__Htext4                       text4        000000
__Htext5                       text5        000000
__Htext6                       text6        000000
__Htext7                       text7        000000
__Htext8                       text8        000000
__Htext9                       text9        000000
__LRAM                         (abs)        000001
__L__absolute__                __absolute__ 000000
__Labs1                        abs1         000000
__Lbank0                       bank0        000000
__Lbank1                       bank1        000000
__Lbank2                       bank2        000000
__Lbank3                       bank3        000000
__Lbank4                       bank4        000000
__Lbank5                       bank5        000000
__Lbigbss                      bigbss       000000
__Lbigdata                     bigdata      000000
__Lbigram                      bigram       000000
__Lbigsfr                      bigsfr       000000
__Lbss                         bss          000000
__LbssCOMRAM                   bssCOMRAM    000000
__Lcinit                       cinit        000000
__Lclrtext                     clrtext      000000
__Lcomram                      comram       000000
__Lconfig                      config       000000
__Lconst                       const        000000
__LcstackCOMRAM                cstackCOMRAM 000000
__Ldata                        data         000000
__LdataCOMRAM                  dataCOMRAM   000000
__Leeprom_data                 eeprom_data  000000
__Lfarbss                      farbss       000000
__Lfardata                     fardata      000000
__Lheap                        heap         000000
__Libigdata                    ibigdata     000000
__Lidata                       idata        000000
__LidataCOMRAM                 idataCOMRAM  000000
__Lidloc                       idloc        000000
__Lifardata                    ifardata     000000
__Linit                        init         00006C
__Lintcode                     intcode      000008
__Lintcode_body                intcode_body 000000
__Lintcodelo                   intcodelo    000018
__Lintentry                    intentry     000000
__Lintret                      intret       000000
__Lintsave_regs                intsave_regs 000000
__Lirdata                      irdata       000000
__Lmediumconst                 mediumconst  000000
__LnvCOMRAM                    nvCOMRAM     000000
__LnvFARRAM                    nvFARRAM     000000
__Lnvbit                       nvbit        000000
__Lnvrram                      nvrram       000000
__Lparam                       rparam       000000
__Lpowerup                     powerup      00006C
__Lram                         ram          000000
__Lramtop                      ramtop       000600
__Lrbit                        rbit         000000
__Lrbss                        rbss         000000
__Lrdata                       rdata        000000
__Lreset_vec                   reset_vec    000000
__Lrparam                      rparam       000000
__Lsfr                         sfr          000000
__Lsmallconst                  smallconst   000600
__Lspace_0                     (abs)        000000
__Lspace_1                     (abs)        000000
__Lspace_2                     (abs)        000000
__Lspace_4                     (abs)        000000
__Lstack                       stack        000000
__Lstruct                      struct       000000
__Ltemp                        temp         00006B
__Ltext                        text         000000
__Ltext0                       text0        000000
__Ltext1                       text1        000000
__Ltext11                      text11       000000
__Ltext12                      text12       000000
__Ltext13                      text13       000000
__Ltext2                       text2        000000
__Ltext3                       text3        000000
__Ltext4                       text4        000000
__Ltext5                       text5        000000
__Ltext6                       text6        000000
__Ltext7                       text7        000000
__Ltext8                       text8        000000
__Ltext9                       text9        000000
__S0                           (abs)        000E8A
__S1                           (abs)        00006C
__S4                           (abs)        000000
__S5                           (abs)        000000
___awmod                       text12       000BAA
___awmod@counter               cstackCOMRAM 00005D
___awmod@dividend              cstackCOMRAM 000059
___awmod@divisor               cstackCOMRAM 00005B
___awmod@sign                  cstackCOMRAM 00005E
___heap_hi                     (abs)        000000
___heap_lo                     (abs)        000000
___inthi_sp                    stack        000000
___inthi_stack_hi              stack        000000
___inthi_stack_lo              stack        000000
___intlo_sp                    stack        000000
___intlo_stack_hi              stack        000000
___intlo_stack_lo              stack        000000
___param_bank                  (abs)        000000
___rparam_used                 (abs)        000001
___sp                          stack        000000
___stack_hi                    stack        000000
___stack_lo                    stack        000000
__accesstop                    (abs)        000080
__activetblptr                 (abs)        000002
__end_of_ClearBuffer           text8        000D26
__end_of_GetString             text9        000E8A
__end_of_Hi_ISR                intcode_body 000E86
__end_of_INTERRUPT_Initialize  text6        000E80
__end_of_Lo_ISR                intcodelo    00006C
__end_of_MatchTone             text7        000BAA
__end_of_MyusartRead           text11       000D62
__end_of_OSCILLATOR_Initialize text5        000E78
__end_of_SYSTEM_Initialize     text3        000E4E
__end_of_UART_Initialize       text4        000E70
__end_of_UART_Write            text13       000DD6
__end_of_ValidTone             text2        0008FC
__end_of___awmod               text12       000C5A
__end_of__initialization       cinit        000D8E
__end_of_main                  text0        000CEA
__end_of_strcpy                text1        000E2A
__initialization               cinit        000D62
__mediumconst                  mediumconst  000000
__pbssCOMRAM                   bssCOMRAM    000001
__pcinit                       cinit        000D62
__pcstackCOMRAM                cstackCOMRAM 000059
__pdataCOMRAM                  dataCOMRAM   00002F
__pidataCOMRAM                 idataCOMRAM  000DD6
__pintcode                     intcode      000008
__pintcode_body                intcode_body 000E80
__pintcodelo                   intcodelo    000018
__pnvCOMRAM                    nvCOMRAM     000069
__psmallconst                  smallconst   000600
__ptext0                       text0        000C5A
__ptext1                       text1        000E00
__ptext11                      text11       000D26
__ptext12                      text12       000BAA
__ptext13                      text13       000D9C
__ptext2                       text2        000602
__ptext3                       text3        000E2A
__ptext4                       text4        000E4E
__ptext5                       text5        000E70
__ptext6                       text6        000E78
__ptext7                       text7        0008FC
__ptext8                       text8        000CEA
__ptext9                       text9        000E86
__ramtop                       ramtop       000600
__smallconst                   smallconst   000600
_curr_char                     bssCOMRAM    000005
_lenStr                        bssCOMRAM    000001
_light_pattern                 bssCOMRAM    000003
_main                          text0        000C5A
_mystring                      bssCOMRAM    000007
_str                           bssCOMRAM    00001B
_strcpy                        text1        000E00
_tone                          bssCOMRAM    000006
_tone_list_H                   dataCOMRAM   000044
_tone_list_L                   dataCOMRAM   00002F
_tone_time                     bssCOMRAM    000004
btemp                          temp         00006B
end_of_initialization          cinit        000D8E
int$flags                      temp         00006B
int_func                       intcode_body 000E80
intlevel0                      text         000000
intlevel1                      text         000000
intlevel2                      text         000000
intlevel3                      text         000000
isa$std                        (abs)        000001
isa$xinst                      (abs)        000000
stackhi                        (abs)        000000
stacklo                        (abs)        000000
start                          init         00006C
start_initialization           cinit        000D62
strcpy@d                       cstackCOMRAM 000068
strcpy@dest                    cstackCOMRAM 000066
strcpy@src                     cstackCOMRAM 000067
ttemp5                         temp         00006C
ttemp6                         temp         00006F
ttemp7                         temp         000073
wtemp8                         temp         00006C


MODULE INFORMATION

Module		Function		Class		Link	Load	Size
setting_hardaware/interrupt_manager.c
		_INTERRUPT_Initialize		CODE           	0E78	0000	8

setting_hardaware/interrupt_manager.c estimated size: 8

setting_hardaware/uart.c
		_Lo_ISR        		CODE           	0018	0000	84
		_MyusartRead   		CODE           	0D26	0000	60
		_GetString     		CODE           	0E86	0000	4
		_ClearBuffer   		CODE           	0CEA	0000	60
		_UART_Initialize		CODE           	0E4E	0000	34
		_UART_Write    		CODE           	0D9C	0000	58

setting_hardaware/uart.c estimated size: 300

C:\Program Files\Microchip\xc8\v2.45\pic\sources\c99\common\awmod.c
		___awmod       		CODE           	0BAA	0000	176

C:\Program Files\Microchip\xc8\v2.45\pic\sources\c99\common\awmod.c estimated size: 176

shared
		__initialization		CODE           	0D62	0000	44

shared estimated size: 44

setting_hardaware/setting.c
		_OSCILLATOR_Initialize		CODE           	0E70	0000	8
		_SYSTEM_Initialize		CODE           	0E2A	0000	36

setting_hardaware/setting.c estimated size: 44

C:\Program Files\Microchip\xc8\v2.45\pic\sources\c99\common\strcpy.c
		_strcpy        		CODE           	0E00	0000	42

C:\Program Files\Microchip\xc8\v2.45\pic\sources\c99\common\strcpy.c estimated size: 42

main.c
		_ValidTone     		CODE           	0602	0000	762
		_main          		CODE           	0C5A	0000	144
		_MatchTone     		CODE           	08FC	0000	686
		_Hi_ISR        		CODE           	0008	0000	12

main.c estimated size: 1604

